Table EMPLOYEES dropped.

Elapsed: 00:00:00.058


Table EMPLOYEES created.

Elapsed: 00:00:00.014


3 rows inserted.

Elapsed: 00:00:00.024


ORA-00979: "FIRST_NAME": must appear in the GROUP BY clause or be used in an aggregate function

https://docs.oracle.com/error-help/db/ora-00979/
00979. 00000 -  "%s: must appear in the GROUP BY clause or be used in an aggregate function"
*Cause:    The specified expression was not part of either the GROUP BY
           clause, an aggregate function, or a constant but appeared in a part
           of the query that is processed after the GROUP BY clause, such as
           the SELECT clause, the ORDER BY clause, or the HAVING clause.
*Action:   Add the expression to the GROUP BY clause or add an
           aggregate function to specify which value of the expression
           to use for each group. Ensure that any columns in the SELECT list
           that are not part of an aggregate function are present in the
           GROUP BY clause.
*Params:   1) expression
           clause.
Error at Line: 1 Column: 19