Table CUSTOMER dropped.

Elapsed: 00:00:00.005


Table CUSTOMER created.

Elapsed: 00:00:00.018


Table CUSTOMER dropped.

Elapsed: 00:00:00.023


View CUSTOMER_VIEW dropped.

Elapsed: 00:00:00.003


Table CUSTOMER created.

Elapsed: 00:00:00.015


Table CUSTOMER altered.

Elapsed: 00:00:00.023


Table T1 altered.

Elapsed: 00:00:00.002


Table CUSTOMER dropped.

Elapsed: 00:00:00.022


Table EMPLOYEES dropped.

Elapsed: 00:00:00.035


Table PRODUCTS dropped.

Elapsed: 00:00:00.004


Table EMPLOYEES created.

Elapsed: 00:00:00.021


Table PRODUCTS created.

Elapsed: 00:00:00.009


Table EMPLOYEES dropped.

Elapsed: 00:00:00.018


Table PRODUCTS dropped.

Elapsed: 00:00:00.014


Table EMPLOYEES created.

Elapsed: 00:00:00.012


Table PRODUCTS created.

Elapsed: 00:00:00.011


1 row inserted.

Elapsed: 00:00:00.026


1 row inserted.

Elapsed: 00:00:00.003


1 row inserted.

Elapsed: 00:00:00.003


1 row inserted.

Elapsed: 00:00:00.012


1 row inserted.

Elapsed: 00:00:00.003


1 row inserted.

Elapsed: 00:00:00.002


3 rows inserted.

Elapsed: 00:00:00.024


2 rows updated.

Elapsed: 00:00:00.012


1 row deleted.

Elapsed: 00:00:00.007


2 rows merged.

Elapsed: 00:00:00.020


Table EMPLOYEES dropped.

Elapsed: 00:00:00.027


Table PRODUCTS dropped.

Elapsed: 00:00:00.019